01/05/2025 11:49:41: =-=-Testing process has begun=-=-
01/05/2025 11:49:42: Test for inventory beginning passed
01/05/2025 11:49:42: Test for picking up items passed
01/05/2025 11:49:42: Test for adding items to inventory passed
01/05/2025 11:49:42: =-=-Testing process has ended=-=-
01/05/2025 11:52:47: =-=-Testing process has begun=-=-
01/05/2025 11:52:47: Test for inventory beginning passed
01/05/2025 11:52:47: Test for picking up items passed
01/05/2025 11:52:47: Test for adding items to inventory passed
01/05/2025 11:52:47: =-=-Testing process has ended=-=-
01/05/2025 11:53:29: =-=-Testing process has begun=-=-
01/05/2025 11:53:29: Test for inventory beginning passed
01/05/2025 11:53:29: Test for picking up items passed
01/05/2025 11:53:29: Test for adding items to inventory passed
01/05/2025 11:53:29: =-=-Testing process has ended=-=-
01/05/2025 12:36:28: =-=-Testing process has begun=-=-
01/05/2025 12:36:29: Test for inventory beginning passed
01/05/2025 12:36:29: Test for picking up items passed
01/05/2025 12:36:29: Test for adding items to inventory passed
01/05/2025 12:36:29: =-=-Testing process has ended=-=-
01/05/2025 12:39:19: =-=-Testing process has begun=-=-
01/05/2025 12:39:19: Test for inventory beginning passed
01/05/2025 12:39:19: Test for picking up items passed
01/05/2025 12:39:19: Test for adding items to inventory passed
01/05/2025 12:39:19: =-=-Testing process has ended=-=-
